2026-07-22 15:51:21 - main - INFO - ==================================================
2026-07-22 15:51:21 - main - INFO - 🚀 KHỞI ĐỘNG MÁY CHỦ AI ANALYTICS (Môi trường: dev)
2026-07-22 15:51:21 - main - INFO - ==================================================
2026-07-22 15:51:21 - config.database - INFO - Sessions DB đã sẵn sàng: D:\Đại học\DATA_ENGINEERING\AI_Analytics_Assistant\config\..\data\sessions.db
2026-07-22 15:51:21 - config.database - INFO - Audit DB đã sẵn sàng: D:\Đại học\DATA_ENGINEERING\AI_Analytics_Assistant\config\..\data\audit.db
2026-07-22 15:51:21 - config.database - INFO - Khởi tạo databases hoàn tất!
2026-07-22 15:53:23 - main - INFO - ==================================================
2026-07-22 15:53:23 - main - INFO - 🚀 KHỞI ĐỘNG MÁY CHỦ AI ANALYTICS (Môi trường: dev)
2026-07-22 15:53:23 - main - INFO - ==================================================
2026-07-22 15:53:23 - config.database - INFO - Sessions DB đã sẵn sàng: D:\Đại học\DATA_ENGINEERING\AI_Analytics_Assistant\config\..\data\sessions.db
2026-07-22 15:53:23 - config.database - INFO - Audit DB đã sẵn sàng: D:\Đại học\DATA_ENGINEERING\AI_Analytics_Assistant\config\..\data\audit.db
2026-07-22 15:53:23 - config.database - INFO - Khởi tạo databases hoàn tất!
2026-07-22 16:05:17 - main - INFO - 🛑 Đã tắt máy chủ AI Analytics.
2026-07-22 16:15:10 - main - INFO - ==================================================
2026-07-22 16:15:10 - main - INFO - 🚀 KHỞI ĐỘNG MÁY CHỦ AI ANALYTICS (Môi trường: dev)
2026-07-22 16:15:10 - main - INFO - ==================================================
2026-07-22 16:15:10 - config.database - INFO - Sessions DB đã sẵn sàng: D:\Đại học\DATA_ENGINEERING\AI_Analytics_Assistant\config\..\data\sessions.db
2026-07-22 16:15:10 - config.database - INFO - Audit DB đã sẵn sàng: D:\Đại học\DATA_ENGINEERING\AI_Analytics_Assistant\config\..\data\audit.db
2026-07-22 16:15:10 - config.database - INFO - Khởi tạo databases hoàn tất!
2026-07-22 16:16:18 - main - INFO - 🛑 Đã tắt máy chủ AI Analytics.
2026-07-22 17:11:18 - main - INFO - ==================================================
2026-07-22 17:11:18 - main - INFO - 🚀 KHỞI ĐỘNG MÁY CHỦ AI ANALYTICS (Môi trường: dev)
2026-07-22 17:11:18 - main - INFO - ==================================================
2026-07-22 17:11:18 - config.database - INFO - Sessions DB đã sẵn sàng: D:\Đại học\DATA_ENGINEERING\AI_Analytics_Assistant\config\..\data\sessions.db
2026-07-22 17:11:18 - config.database - INFO - Audit DB đã sẵn sàng: D:\Đại học\DATA_ENGINEERING\AI_Analytics_Assistant\config\..\data\audit.db
2026-07-22 17:11:18 - config.database - INFO - Khởi tạo databases hoàn tất!
2026-07-22 17:12:12 - main - INFO - 🛑 Đã tắt máy chủ AI Analytics.
2026-07-22 17:12:14 - main - INFO - ==================================================
2026-07-22 17:12:14 - main - INFO - 🚀 KHỞI ĐỘNG MÁY CHỦ AI ANALYTICS (Môi trường: dev)
2026-07-22 17:12:14 - main - INFO - ==================================================
2026-07-22 17:12:14 - config.database - INFO - Sessions DB đã sẵn sàng: D:\Đại học\DATA_ENGINEERING\AI_Analytics_Assistant\config\..\data\sessions.db
2026-07-22 17:12:14 - config.database - INFO - Audit DB đã sẵn sàng: D:\Đại học\DATA_ENGINEERING\AI_Analytics_Assistant\config\..\data\audit.db
2026-07-22 17:12:14 - config.database - INFO - Khởi tạo databases hoàn tất!
2026-07-22 17:12:16 - main - INFO - 🛑 Đã tắt máy chủ AI Analytics.
